base64.txt  flag  hex.txt
lab@f9f78d214892:~$ cat hex.txt
427265616b414c4c4354467b474955574f3172704d684a434a704143765677727d

lab@f9f78d214892:~$ -r -p hex.txt
-bash: -r: command not found
lab@f9f78d214892:~$ ls
base64.txt  flag  hex.txt
lab@f9f78d214892:~$ base64 --help
Usage: base64 [OPTION]... [FILE]
Base64 encode or decode FILE, or standard input, to standard output.

With no FILE, or when FILE is -, read standard input.

Mandatory arguments to long options are mandatory for short options too.
  -d, --decode          decode data
  -i, --ignore-garbage  when decoding, ignore non-alphabet characters
  -w, --wrap=COLS       wrap encoded lines after COLS character (default 76).
                          Use 0 to disable line wrapping

      --help     display this help and exit
      --version  output version information and exit

The data are encoded as described for the base64 alphabet in RFC 4648.
When decoding, the input may contain newlines in addition to the bytes of
the formal base64 alphabet.  Use --ignore-garbage to attempt to recover
from any other non-alphabet bytes in the encoded stream.

GNU coreutils online help: <http://www.gnu.org/software/coreutils/>
Report base64 translation bugs to <http://translationproject.org/team/>
Full documentation at: <http://www.gnu.org/software/coreutils/base64>
or available locally via: info '(coreutils) base64 invocation'
lab@f9f78d214892:~$ ls
base64.txt  flag  hex.txt
lab@f9f78d214892:~$ cat base64.txt
QnJlYWtBTExDVEZ7WHZYZVZYNUFlOUZ3blltRFYyalV9
